// Vitest Snapshot v1, https://vitest.dev/guide/snapshot.html

exports[`matches Snapshot 1`] = `
<DocumentFragment>
  <div>
    <p>
      Hello, I'm a FixedComponent!
    </p>
    <p>
      Here are some numbers:
    </p>
    <p>
      42
    </p>
    <p>
      43
    </p>
    <p>
      44
    </p>
  </div>
</DocumentFragment>
`;
